<?xml version="1.0" encoding="UTF-8"?>
<testsuites name="jest tests" tests="1" failures="0" errors="0" time="2.055">
  <testsuite name="undefined" errors="0" failures="0" skipped="0" timestamp="2022-02-12T21:57:45" time="1.369" tests="1">
    <testcase classname=" renders without crashing" name=" renders without crashing" time="0.018">
    </testcase>
  </testsuite>
</testsuites>